[nephos.cssninja.io/home.html]
[backblue.gif]
[fade.gif]
[index.html]
[nephos.cssninja.io/assets/img/favicon.png]
[nephos.cssninja.io/assets/css/app.css]
[nephos.cssninja.io/assets/css/bulma.css]
[nephos.cssninja.io/assets/css/main.css]
[stackpath.bootstrapcdn.com/font-awesome/4.7.0/css/font-awesome.min.css]
[nephos.cssninja.io/account.html]
[nephos.cssninja.io/cart-empty.html]
[nephos.cssninja.io/index.html]
[nephos.cssninja.io/orders.html]
[nephos.cssninja.io/authentication.html]
[nephos.cssninja.io/products.html]
[nephos.cssninja.io/assets/img/bg/sidebar.jpg]
[nephos.cssninja.io/shop.html]
[nephos.cssninja.io/wishlist.html]
[nephos.cssninja.io/cart.html]
[nephos.cssninja.io/assets/img/products/office5.jpg]
[nephos.cssninja.io/assets/img/products/red-seat.png]
[nephos.cssninja.io/assets/img/products/kids2.jpg]
[nephos.cssninja.io/assets/img/bg/main-bg.jpg]
[nephos.cssninja.io/assets/js/_data-wishlist.js]
[nephos.cssninja.io/assets/js/app.js]
[nephos.cssninja.io/assets/js/_data-addresses.js]
[nephos.cssninja.io/assets/js/_data-orders.js]
[nephos.cssninja.io/assets/js/functions.js]
[nephos.cssninja.io/assets/js/nephos.js]
[nephos.cssninja.io/assets/js/authentication.js]
[nephos.cssninja.io/assets/js/cart.js]
[nephos.cssninja.io/assets/js/account.js]
[nephos.cssninja.io/assets/js/wishlist.js]
[nephos.cssninja.io/assets/js/product.js]
[nephos.cssninja.io/assets/js/orders.js]
[nephos.cssninja.io/assets/js/order.js]
[nephos.cssninja.io/assets/js/checkout.js]
[nephos.cssninja.io/assets/js/search.js]
[nephos.cssninja.io/home.html]
[nephos.cssninja.io/assets/fonts/fa-brands-400.woff]
[nephos.cssninja.io/assets/fonts/index.html]
[nephos.cssninja.io/assets/fonts/indexd41d.html]
[nephos.cssninja.io/assets/fonts/fa-brands-400.ttf]
[nephos.cssninja.io/assets/fonts/fa-regular-400.eot]
[nephos.cssninja.io/assets/fonts/fa-regular-400d41d.eot]
[nephos.cssninja.io/assets/fonts/fa-regular-400.woff]
[nephos.cssninja.io/assets/fonts/fa-regular-400.ttf]
[nephos.cssninja.io/assets/fonts/fa-solid-900.eot]
[nephos.cssninja.io/assets/fonts/fa-solid-900d41d.eot]
[nephos.cssninja.io/assets/fonts/fa-solid-900.woff]
[nephos.cssninja.io/assets/fonts/fa-solid-900.ttf]
[nephos.cssninja.io/assets/css/app.css]
[nephos.cssninja.io/assets/css/bulma.css]
[cdn.thedesigninspiration.com/wp-content/uploads/2014/07/Icon-Pattern-l.jpg]
[nephos.cssninja.io/assets/css/main.css]
[stackpath.bootstrapcdn.com/font-awesome/4.7.0/css/font-awesome.min.css]
[nephos.cssninja.io/assets/img/logo/nephos.svg]
[nephos.cssninja.io/account.html]
[nephos.cssninja.io/account-edit.html]
[nephos.cssninja.io/assets/css/demo.css]
[nephos.cssninja.io/index-2.html]
[nephos.cssninja.io/assets/img/ui/nephos.png]
[nephos.cssninja.io/assets/img/ui/sidebar.png]
[nephos.cssninja.io/assets/img/ui/micro-interactions.png]
[nephos.cssninja.io/assets/img/ui/color-schemes.png]
[nephos.cssninja.io/assets/img/ui/app/nephos.png]
[nephos.cssninja.io/assets/img/ui/app/nephos-alt.png]
[nephos.cssninja.io/home-alt.html]
[nephos.cssninja.io/assets/img/ui/app/categories.png]
[nephos.cssninja.io/assets/img/ui/app/auth.png]
[nephos.cssninja.io/assets/img/ui/app/products-grid.png]
[nephos.cssninja.io/assets/img/ui/app/products-list.png]
[nephos.cssninja.io/products-list.html]
[nephos.cssninja.io/assets/img/ui/app/single-product-carousel.png]
[nephos.cssninja.io/product.html]
[nephos.cssninja.io/assets/img/ui/app/account.png]
[nephos.cssninja.io/assets/img/ui/app/account-edit.png]
[nephos.cssninja.io/assets/img/ui/app/account-placeholder.png]
[nephos.cssninja.io/account-placeholder.html]
[nephos.cssninja.io/assets/img/ui/app/wishlist.png]
[nephos.cssninja.io/assets/img/ui/app/wishlist-empty.png]
[nephos.cssninja.io/wishlist-empty.html]
[nephos.cssninja.io/assets/img/ui/app/cart.png]
[nephos.cssninja.io/assets/img/ui/app/cart-empty.png]
[nephos.cssninja.io/assets/img/ui/app/orders-grid.png]
[nephos.cssninja.io/assets/img/ui/app/orders-list.png]
[nephos.cssninja.io/orders-list.html]
[nephos.cssninja.io/assets/img/ui/app/order-details.png]
[nephos.cssninja.io/order.html]
[nephos.cssninja.io/assets/img/ui/app/orders-empty.png]
[nephos.cssninja.io/assets/img/ui/app/invoice.png]
[nephos.cssninja.io/invoice.html]
[nephos.cssninja.io/assets/img/ui/app/checkout1.png]
[nephos.cssninja.io/checkout-step1.html]
[nephos.cssninja.io/assets/img/ui/app/checkout2.png]
[nephos.cssninja.io/checkout-step2.html]
[nephos.cssninja.io/assets/img/ui/app/checkout3.png]
[nephos.cssninja.io/checkout-step3.html]
[nephos.cssninja.io/assets/img/ui/app/checkout4.png]
[nephos.cssninja.io/checkout-step4.html]
[nephos.cssninja.io/assets/img/ui/app/checkout5.png]
[nephos.cssninja.io/checkout-step5.html]
[nephos.cssninja.io/assets/img/ui/app/error-404.png]
[nephos.cssninja.io/error-404.html]
[nephos.cssninja.io/assets/img/ui/app/error-500.png]
[nephos.cssninja.io/error-500.html]
[nephos.cssninja.io/assets/img/ui/app/search-results.png]
[nephos.cssninja.io/search-results.html]
[nephos.cssninja.io/assets/img/ui/app/elements.png]
[nephos.cssninja.io/elements.html]
[nephos.cssninja.io/assets/img/ui/collection.png]
[nephos.cssninja.io/assets/js/demo.js]
[nephos.cssninja.io/index.html]
[nephos.cssninja.io/cart-empty.html]
[nephos.cssninja.io/wishlists.html]
[nephos.cssninja.io/orders.html]
[nephos.cssninja.io/authentication.html]
[nephos.cssninja.io/products.html]
[nephos.cssninja.io/shop.html]
[nephos.cssninja.io/wishlist.html]
[nephos.cssninja.io/cart.html]
[nephos.cssninja.io/assets/img/icons/line/bag.svg]
[nephos.cssninja.io/assets/img/loading.html]
[nephos.cssninja.io/__ovh_icons/blank.gif]
[nephos.cssninja.io/__ovh_icons/back.gif]
[nephos.cssninja.io/assets/fonts/indexc052.html]
[nephos.cssninja.io/__ovh_icons/image2.gif]
[nephos.cssninja.io/assets/fonts/index30b5.html]
[nephos.cssninja.io/assets/fonts/indexf8a0.html]
[nephos.cssninja.io/assets/fonts/indexbfec.html]
[nephos.cssninja.io/assets/fonts/ajax-loader.gif]
[nephos.cssninja.io/assets/index.html]
[nephos.cssninja.io/__ovh_icons/unknown.gif]
[nephos.cssninja.io/assets/fonts/fa-brands-400.eot]
[nephos.cssninja.io/assets/fonts/slick.eot]
[nephos.cssninja.io/assets/fonts/slick.ttf]
[nephos.cssninja.io/assets/fonts/slick.woff]
[nephos.cssninja.io/assets/fonts/index.html]
[nephos.cssninja.io/assets/fonts/indexd41d.html]
[nephos.cssninja.io/assets/fonts/fa-brands-400.html]
[nephos.cssninja.io/assets/fonts/fa-brands-400.svg]
[nephos.cssninja.io/assets/fonts/fa-regular-400.html]
[nephos.cssninja.io/assets/fonts/fa-regular-400.svg]
[nephos.cssninja.io/assets/fonts/fa-solid-900.html]
[nephos.cssninja.io/assets/fonts/fa-solid-900.svg]
[nephos.cssninja.io/assets/img/logo/nephos-greyscale.svg]
[nephos.cssninja.io/assets/img/illustrations/profile.svg]
[nephos.cssninja.io/assets/img/logo/nephos-gold.svg]
[nephos.cssninja.io/assets/img/logo/nephos-referral.svg]
[nephos.cssninja.io/account-edit.html]
[nephos.cssninja.io/assets/css/demo.css]
[nephos.cssninja.io/index-2.html]
[nephos.cssninja.io/assets/img/logo/nephos-white.svg]
[nephos.cssninja.io/assets/img/brands/html5-white.svg]
[nephos.cssninja.io/assets/img/brands/bulma-white.svg]
[nephos.cssninja.io/assets/img/brands/sass-white.svg]
[nephos.cssninja.io/assets/img/brands/gulp-white.svg]
[nephos.cssninja.io/assets/img/icons/demo/monitor.svg]
[nephos.cssninja.io/assets/img/icons/demo/phone.svg]
[nephos.cssninja.io/assets/img/icons/demo/clock.svg]
[nephos.cssninja.io/assets/img/icons/demo/chart.svg]
[nephos.cssninja.io/home-alt.html]
[nephos.cssninja.io/products-list.html]
[nephos.cssninja.io/product.html]
[nephos.cssninja.io/account-placeholder.html]
[nephos.cssninja.io/wishlist-empty.html]
[nephos.cssninja.io/orders-list.html]
[nephos.cssninja.io/order.html]
[nephos.cssninja.io/orders-empty.html]
[nephos.cssninja.io/invoice.html]
[nephos.cssninja.io/checkout-step1.html]
[nephos.cssninja.io/assets/img/avatars/elie.jpg]
[nephos.cssninja.io/checkout-step2.html]
[nephos.cssninja.io/checkout-step3.html]
[nephos.cssninja.io/checkout-step4.html]
[nephos.cssninja.io/checkout-step5.html]
[nephos.cssninja.io/error-404.html]
[nephos.cssninja.io/error-500.html]
[nephos.cssninja.io/assets/img/products/cosy-red-seat.png]
[nephos.cssninja.io/assets/img/products/blue-seat.png]
[nephos.cssninja.io/assets/img/products/dark-seat.jpg]
[nephos.cssninja.io/assets/img/products/office7.gif]
[nephos.cssninja.io/search-results.html]
[nephos.cssninja.io/assets/js/elements.js]
[nephos.cssninja.io/elements.html]
[nephos.cssninja.io/assets/img/brands/bulma.svg]
[nephos.cssninja.io/assets/img/brands/sass.svg]
[nephos.cssninja.io/assets/img/brands/gulp.svg]
[nephos.cssninja.io/assets/img/illustrations/shop.svg]
[nephos.cssninja.io/assets/img/illustrations/bed.svg]
[nephos.cssninja.io/assets/img/illustrations/happy.svg]
[nephos.cssninja.io/assets/img/illustrations/add-to-cart.svg]
[nephos.cssninja.io/assets/img/illustrations/wishlist.svg]
[nephos.cssninja.io/assets/fonts/indexc052.html]
[nephos.cssninja.io/assets/fonts/indexf8a0.html]
[nephos.cssninja.io/assets/fonts/indexbfec.html]
[nephos.cssninja.io/assets/fonts/index30b5.html]
[nephos.cssninja.io/assets/fonts/index72c9.html]
[nephos.cssninja.io/assets/fonts/indexb70a.html]
[nephos.cssninja.io/assets/fonts/index5851.html]
[nephos.cssninja.io/assets/fonts/indexad3f.html]
[nephos.cssninja.io/__ovh_icons/folder.gif]
[nephos.cssninja.io/assets/index.html]
[nephos.cssninja.io/assets/indexc052.html]
[nephos.cssninja.io/assets/index30b5.html]
[nephos.cssninja.io/assets/indexf8a0.html]
[nephos.cssninja.io/assets/fonts/slick.svg]
[nephos.cssninja.io/assets/indexbfec.html]
[nephos.cssninja.io/assets/css/index.html]
[nephos.cssninja.io/assets/img/icons/line/payment.svg]
[nephos.cssninja.io/assets/data/index.html]
[nephos.cssninja.io/assets/img/icons/line/shipping.svg]
[nephos.cssninja.io/assets/img/icons/line/status.svg]
[nephos.cssninja.io/assets/img/illustrations/payment.svg]
[nephos.cssninja.io/assets/img/illustrations/login.svg]
[nephos.cssninja.io/assets/img/icons/checkout/ground.svg]
[nephos.cssninja.io/assets/img/icons/checkout/tram.svg]
[nephos.cssninja.io/assets/img/icons/checkout/world.svg]
[nephos.cssninja.io/assets/img/icons/checkout/container.svg]
[nephos.cssninja.io/assets/img/icons/checkout/ups.svg]
[nephos.cssninja.io/assets/img/icons/checkout/usps.svg]
[nephos.cssninja.io/assets/img/index.html]
[nephos.cssninja.io/assets/img/icons/checkout/fedex.svg]
[nephos.cssninja.io/assets/img/icons/checkout/paypal.svg]
[nephos.cssninja.io/assets/img/icons/checkout/stripe.svg]
[nephos.cssninja.io/assets/img/icons/checkout/visa.svg]
[nephos.cssninja.io/assets/img/icons/checkout/mastercard.svg]
[nephos.cssninja.io/assets/img/icons/checkout/cash.svg]
[nephos.cssninja.io/assets/img/icons/checkout/bank.svg]
[nephos.cssninja.io/assets/img/illustrations/error1.svg]
[nephos.cssninja.io/assets/img/illustrations/error2.svg]
[nephos.cssninja.io/assets/img/icons/demo/elements/inputs.svg]
[nephos.cssninja.io/assets/js/index.html]
[nephos.cssninja.io/assets/img/icons/demo/elements/selects.svg]
[nephos.cssninja.io/assets/img/icons/demo/elements/autocompletes.svg]
[nephos.cssninja.io/assets/img/icons/demo/elements/spinners.svg]
[nephos.cssninja.io/assets/img/icons/demo/elements/datepicker.svg]
[nephos.cssninja.io/assets/img/icons/demo/elements/cards.svg]
[nephos.cssninja.io/assets/img/icons/demo/elements/tabs.svg]
[nephos.cssninja.io/assets/img/icons/demo/elements/buttons.svg]
[nephos.cssninja.io/assets/fonts/indexb70a.html]
[nephos.cssninja.io/assets/fonts/index72c9.html]
[nephos.cssninja.io/assets/fonts/index5851.html]
[nephos.cssninja.io/assets/fonts/indexad3f.html]
[nephos.cssninja.io/assets/indexc052.html]
[nephos.cssninja.io/assets/indexf8a0.html]
[nephos.cssninja.io/assets/indexbfec.html]
[nephos.cssninja.io/assets/vendor/index.html]
[nephos.cssninja.io/assets/index30b5.html]
[nephos.cssninja.io/assets/index72c9.html]
[nephos.cssninja.io/assets/index5851.html]
[nephos.cssninja.io/assets/indexb70a.html]
[nephos.cssninja.io/assets/indexad3f.html]
[nephos.cssninja.io/assets/css/indexbfec.html]
[nephos.cssninja.io/__ovh_icons/text.gif]
[nephos.cssninja.io/assets/css/index30b5.html]
[nephos.cssninja.io/assets/css/indexf8a0.html]
[nephos.cssninja.io/assets/css/indexc052.html]
[nephos.cssninja.io/assets/css/index.html]
[nephos.cssninja.io/assets/css/app.css.css]
[nephos.cssninja.io/assets/data/orders.json]
[nephos.cssninja.io/assets/data/indexc052.html]
[nephos.cssninja.io/assets/data/indexf8a0.html]
[nephos.cssninja.io/assets/data/persons.json]
[nephos.cssninja.io/assets/data/indexbfec.html]
[nephos.cssninja.io/assets/data/products.json]
[nephos.cssninja.io/assets/data/index30b5.html]
[nephos.cssninja.io/assets/data/search.json]
[nephos.cssninja.io/assets/data/index.html]
[nephos.cssninja.io/assets/img/index.html]
[nephos.cssninja.io/assets/js/index.html]
[nephos.cssninja.io/assets/js/app.js.map]
[nephos.cssninja.io/assets/img/indexc052.html]
[nephos.cssninja.io/assets/img/indexf8a0.html]
[nephos.cssninja.io/assets/img/indexbfec.html]
[nephos.cssninja.io/assets/vendor/index.html]
[nephos.cssninja.io/assets/img/index30b5.html]
[nephos.cssninja.io/assets/img/avatars/index.html]
[nephos.cssninja.io/assets/img/bg/index.html]
[nephos.cssninja.io/assets/indexb70a.html]
[nephos.cssninja.io/assets/img/brands/index.html]
[nephos.cssninja.io/assets/img/icons/index.html]
[nephos.cssninja.io/assets/index72c9.html]
[nephos.cssninja.io/assets/img/illustrations/index.html]
[nephos.cssninja.io/assets/img/logo/index.html]
[nephos.cssninja.io/assets/img/products/index.html]
[nephos.cssninja.io/assets/index5851.html]
[nephos.cssninja.io/assets/img/ui/index.html]
[nephos.cssninja.io/assets/js/indexc052.html]
[nephos.cssninja.io/assets/js/indexf8a0.html]
[nephos.cssninja.io/assets/indexad3f.html]
[nephos.cssninja.io/assets/js/indexbfec.html]
[nephos.cssninja.io/assets/js/index30b5.html]
[nephos.cssninja.io/assets/css/indexc052.html]
[nephos.cssninja.io/assets/vendor/indexc052.html]
[nephos.cssninja.io/assets/vendor/indexf8a0.html]
[nephos.cssninja.io/assets/vendor/indexbfec.html]
[nephos.cssninja.io/assets/css/indexf8a0.html]
[nephos.cssninja.io/assets/vendor/index30b5.html]
[nephos.cssninja.io/assets/vendor/css/index.html]
[nephos.cssninja.io/assets/vendor/js/index.html]
[nephos.cssninja.io/assets/css/indexbfec.html]
[nephos.cssninja.io/assets/css/index30b5.html]
[nephos.cssninja.io/assets/css/indexb70a.html]
[nephos.cssninja.io/assets/css/index72c9.html]
[nephos.cssninja.io/assets/css/index5851.html]
[nephos.cssninja.io/assets/css/indexad3f.html]
[nephos.cssninja.io/assets/css/app.css.css]
[nephos.cssninja.io/assets/data/indexc052.html]
[nephos.cssninja.io/assets/data/indexf8a0.html]
[nephos.cssninja.io/assets/data/indexbfec.html]
[nephos.cssninja.io/assets/data/index30b5.html]
[nephos.cssninja.io/assets/data/indexb70a.html]
[nephos.cssninja.io/assets/data/index5851.html]
[nephos.cssninja.io/assets/data/indexad3f.html]
[nephos.cssninja.io/assets/data/index72c9.html]
[nephos.cssninja.io/assets/img/indexc052.html]
[nephos.cssninja.io/assets/img/indexf8a0.html]
[nephos.cssninja.io/assets/img/indexbfec.html]
[nephos.cssninja.io/assets/img/index30b5.html]
[nephos.cssninja.io/assets/img/indexb70a.html]
[nephos.cssninja.io/assets/img/index72c9.html]
[nephos.cssninja.io/assets/img/indexad3f.html]
[nephos.cssninja.io/assets/img/index5851.html]
[nephos.cssninja.io/assets/img/avatars/altvatar.png]
[nephos.cssninja.io/assets/img/avatars/indexc052.html]
[nephos.cssninja.io/assets/img/avatars/indexf8a0.html]
[nephos.cssninja.io/assets/img/avatars/indexbfec.html]
[nephos.cssninja.io/assets/img/avatars/arthur.jpg]
[nephos.cssninja.io/assets/img/avatars/index30b5.html]
[nephos.cssninja.io/assets/img/avatars/avatar.png]
[nephos.cssninja.io/assets/img/avatars/danny.png]
[nephos.cssninja.io/assets/img/avatars/eddie.jpg]
[nephos.cssninja.io/assets/img/avatars/jane.jpg]
[nephos.cssninja.io/assets/img/avatars/janet.jpg]
[nephos.cssninja.io/assets/img/avatars/john.jpg]
[nephos.cssninja.io/assets/img/avatars/lauren.png]
[nephos.cssninja.io/assets/img/avatars/marc.jpg]
[nephos.cssninja.io/assets/img/avatars/marjory.jpg]
[nephos.cssninja.io/assets/img/avatars/nicole.jpg]
[nephos.cssninja.io/assets/img/avatars/ron.jpg]
[nephos.cssninja.io/assets/img/avatars/samantha.jpg]
[nephos.cssninja.io/assets/img/avatars/index.html]
[nephos.cssninja.io/assets/img/bg/accessories.jpg]
[nephos.cssninja.io/assets/img/bg/indexc052.html]
[nephos.cssninja.io/assets/img/bg/indexf8a0.html]
[nephos.cssninja.io/assets/img/bg/house.jpg]
[nephos.cssninja.io/assets/img/bg/indexbfec.html]
[nephos.cssninja.io/assets/img/bg/kids.jpg]
[nephos.cssninja.io/assets/img/bg/index30b5.html]
[nephos.cssninja.io/assets/img/bg/kids-2.jpg]
[nephos.cssninja.io/assets/img/bg/kitchen.jpg]
[nephos.cssninja.io/assets/img/bg/main-bg2.png]
[nephos.cssninja.io/assets/img/bg/office.jpg]
[nephos.cssninja.io/assets/img/bg/index.html]
[nephos.cssninja.io/assets/img/brands/index.html]
[nephos.cssninja.io/assets/img/brands/indexc052.html]
[nephos.cssninja.io/assets/img/brands/indexbfec.html]
[nephos.cssninja.io/assets/img/brands/indexf8a0.html]
[nephos.cssninja.io/assets/img/brands/index30b5.html]
[nephos.cssninja.io/assets/img/icons/indexc052.html]
[nephos.cssninja.io/assets/img/icons/indexf8a0.html]
[nephos.cssninja.io/assets/img/icons/indexbfec.html]
[nephos.cssninja.io/assets/img/icons/index30b5.html]
[nephos.cssninja.io/assets/img/icons/categories/index.html]
[nephos.cssninja.io/assets/img/icons/checkout/index.html]
[nephos.cssninja.io/assets/img/icons/index.html]
[nephos.cssninja.io/assets/img/icons/demo/index.html]
[nephos.cssninja.io/assets/img/icons/line/index.html]
[nephos.cssninja.io/assets/img/illustrations/indexc052.html]
[nephos.cssninja.io/assets/img/illustrations/indexf8a0.html]
[nephos.cssninja.io/assets/img/illustrations/indexbfec.html]
[nephos.cssninja.io/assets/img/illustrations/index30b5.html]
[nephos.cssninja.io/assets/img/illustrations/index.html]
[nephos.cssninja.io/assets/img/logo/indexc052.html]
[nephos.cssninja.io/assets/img/logo/indexf8a0.html]
[nephos.cssninja.io/assets/img/logo/indexbfec.html]
[nephos.cssninja.io/assets/img/logo/index30b5.html]
[nephos.cssninja.io/assets/img/logo/nephos.png]
[nephos.cssninja.io/assets/img/logo/index.html]
[nephos.cssninja.io/assets/img/products/indexc052.html]
[nephos.cssninja.io/assets/img/products/access1.jpg]
[nephos.cssninja.io/assets/img/products/indexbfec.html]
[nephos.cssninja.io/assets/img/products/indexf8a0.html]
[nephos.cssninja.io/assets/img/products/index30b5.html]
[nephos.cssninja.io/assets/img/products/access2.jpg]
[nephos.cssninja.io/assets/img/products/access3.jpg]
[nephos.cssninja.io/assets/img/products/access4.jpg]
[nephos.cssninja.io/assets/img/products/access5.jpg]
[nephos.cssninja.io/assets/img/products/access6.jpg]
[nephos.cssninja.io/assets/img/products/access7.jpg]
[nephos.cssninja.io/assets/img/products/access8.jpg]
[nephos.cssninja.io/assets/img/products/dark-seat.png]
[nephos.cssninja.io/assets/img/products/house1.jpg]
[nephos.cssninja.io/assets/img/products/house1.png]
[nephos.cssninja.io/assets/img/products/house2.jpg]
[nephos.cssninja.io/assets/img/products/kids1.jpg]
[nephos.cssninja.io/assets/img/products/kids3.jpg]
[nephos.cssninja.io/assets/img/products/kids3.png]
[nephos.cssninja.io/assets/img/products/kids4.jpg]
[nephos.cssninja.io/assets/img/products/kids5.jpg]
[nephos.cssninja.io/assets/img/products/kids6.jpg]
[nephos.cssninja.io/assets/img/products/kids7.jpg]
[nephos.cssninja.io/assets/img/products/kids8.jpg]
[nephos.cssninja.io/assets/img/products/kitchen.png]
[nephos.cssninja.io/assets/img/products/kitchen2.jpg]
[nephos.cssninja.io/assets/img/products/kitchen3.jpg]
[nephos.cssninja.io/assets/img/products/kitchen3.png]
[nephos.cssninja.io/assets/img/products/kitchen4.jpg]
[nephos.cssninja.io/assets/img/products/kitchen5.jpg]
[nephos.cssninja.io/assets/img/products/modern-bed.jpg]
[nephos.cssninja.io/assets/img/products/modern-bed.png]
[nephos.cssninja.io/assets/img/products/modern-table.jpg]
[nephos.cssninja.io/assets/img/products/modern-table.png]
[nephos.cssninja.io/assets/img/products/modern-table2.png]
[nephos.cssninja.io/assets/img/products/office-chair.png]
[nephos.cssninja.io/assets/img/products/office1.jpg]
[nephos.cssninja.io/assets/img/products/office2.jpg]
[nephos.cssninja.io/assets/img/products/office2.png]
[nephos.cssninja.io/assets/img/products/office3.jpg]
[nephos.cssninja.io/assets/img/products/office4.jpg]
[nephos.cssninja.io/assets/img/products/office6.jpg]
[nephos.cssninja.io/assets/img/products/office6.png]
[nephos.cssninja.io/assets/img/products/office7.jpg]
[nephos.cssninja.io/assets/img/products/office8.jpg]
[nephos.cssninja.io/assets/img/products/office9.png]
[nephos.cssninja.io/assets/img/products/office10.png]
[nephos.cssninja.io/assets/img/products/red-seat.jpg]
[nephos.cssninja.io/assets/img/products/red-seat2.png]
[nephos.cssninja.io/assets/img/products/index.html]
[nephos.cssninja.io/assets/img/ui/index.html]
[nephos.cssninja.io/assets/js/indexc052.html]
[nephos.cssninja.io/assets/js/indexf8a0.html]
[nephos.cssninja.io/assets/js/indexbfec.html]
[nephos.cssninja.io/assets/img/ui/indexf8a0.html]
[nephos.cssninja.io/assets/img/ui/indexbfec.html]
[nephos.cssninja.io/assets/img/ui/indexc052.html]
[nephos.cssninja.io/assets/js/index30b5.html]
[nephos.cssninja.io/assets/img/ui/index30b5.html]
[nephos.cssninja.io/assets/img/ui/app/index.html]
[nephos.cssninja.io/assets/js/indexb70a.html]
[nephos.cssninja.io/assets/js/index72c9.html]
[nephos.cssninja.io/assets/vendor/indexc052.html]
[nephos.cssninja.io/assets/vendor/indexf8a0.html]
[nephos.cssninja.io/assets/js/index5851.html]
[nephos.cssninja.io/assets/vendor/indexbfec.html]
[nephos.cssninja.io/assets/js/indexad3f.html]
[nephos.cssninja.io/assets/vendor/index72c9.html]
[nephos.cssninja.io/assets/vendor/index30b5.html]
[nephos.cssninja.io/assets/vendor/indexb70a.html]
[nephos.cssninja.io/assets/vendor/index5851.html]
[nephos.cssninja.io/assets/vendor/css/indexf8a0.html]
[nephos.cssninja.io/assets/vendor/indexad3f.html]
[nephos.cssninja.io/assets/vendor/css/indexc052.html]
[nephos.cssninja.io/assets/vendor/css/chosen.css]
[nephos.cssninja.io/assets/vendor/css/index30b5.html]
[nephos.cssninja.io/assets/vendor/css/indexbfec.html]
[nephos.cssninja.io/assets/vendor/css/datepicker.css]
[nephos.cssninja.io/assets/vendor/css/index.html]
[nephos.cssninja.io/assets/vendor/css/font-awesome5.css]
[nephos.cssninja.io/assets/vendor/js/inputspinner.js]
[nephos.cssninja.io/assets/vendor/js/indexc052.html]
[nephos.cssninja.io/assets/vendor/js/indexf8a0.html]
[nephos.cssninja.io/assets/vendor/js/spinner.min.js]
[nephos.cssninja.io/assets/vendor/js/index.html]
[nephos.cssninja.io/assets/css/indexb70a.html]
[nephos.cssninja.io/assets/css/index72c9.html]
[nephos.cssninja.io/assets/css/index5851.html]
[nephos.cssninja.io/assets/css/indexad3f.html]
[nephos.cssninja.io/assets/css/easy-autocomplete.min.html]
[nephos.cssninja.io/assets/css/croppie.html]
[nephos.cssninja.io/assets/css/iziToast.min.html]
[nephos.cssninja.io/assets/css/zoom.html]
[nephos.cssninja.io/assets/css/card.html]
[nephos.cssninja.io/assets/css/alertify.min.html]
[nephos.cssninja.io/assets/css/default.min.html]
[nephos.cssninja.io/assets/css/chosen.html]
[nephos.cssninja.io/assets/css/datepicker.html]
[nephos.cssninja.io/assets/data/indexb70a.html]
[nephos.cssninja.io/assets/data/index72c9.html]
[nephos.cssninja.io/assets/data/index5851.html]
[nephos.cssninja.io/assets/data/indexad3f.html]
[nephos.cssninja.io/assets/img/indexb70a.html]
[nephos.cssninja.io/assets/img/index72c9.html]
[nephos.cssninja.io/assets/img/index5851.html]
[nephos.cssninja.io/assets/img/indexad3f.html]
[nephos.cssninja.io/assets/img/avatars/indexc052.html]
[nephos.cssninja.io/assets/img/avatars/indexf8a0.html]
[nephos.cssninja.io/assets/vendor/js/indexbfec.html]
[nephos.cssninja.io/assets/img/avatars/indexbfec.html]
[nephos.cssninja.io/assets/vendor/js/index30b5.html]
[nephos.cssninja.io/assets/img/avatars/index30b5.html]
[nephos.cssninja.io/assets/img/avatars/indexb70a.html]
[nephos.cssninja.io/assets/img/avatars/index72c9.html]
[nephos.cssninja.io/assets/img/bg/indexc052.html]
[nephos.cssninja.io/assets/img/bg/indexf8a0.html]
[nephos.cssninja.io/assets/img/avatars/index5851.html]
[nephos.cssninja.io/assets/img/bg/indexbfec.html]
[nephos.cssninja.io/assets/img/avatars/indexad3f.html]
[nephos.cssninja.io/assets/img/bg/index30b5.html]
[nephos.cssninja.io/assets/img/bg/indexb70a.html]
[nephos.cssninja.io/assets/img/bg/index72c9.html]
[nephos.cssninja.io/assets/img/brands/indexc052.html]
[nephos.cssninja.io/assets/img/brands/indexf8a0.html]
[nephos.cssninja.io/assets/img/bg/index5851.html]
[nephos.cssninja.io/assets/img/brands/indexbfec.html]
[nephos.cssninja.io/assets/img/bg/indexad3f.html]
[nephos.cssninja.io/assets/img/brands/index30b5.html]
[nephos.cssninja.io/assets/img/brands/indexb70a.html]
[nephos.cssninja.io/assets/img/brands/index72c9.html]
[nephos.cssninja.io/assets/img/brands/paypal.svg]
[nephos.cssninja.io/assets/img/icons/indexc052.html]
[nephos.cssninja.io/assets/img/icons/indexf8a0.html]
[nephos.cssninja.io/assets/img/brands/index5851.html]
[nephos.cssninja.io/assets/img/icons/indexbfec.html]
[nephos.cssninja.io/assets/img/brands/indexad3f.html]
[nephos.cssninja.io/assets/img/icons/index30b5.html]
[nephos.cssninja.io/assets/img/icons/indexb70a.html]
[nephos.cssninja.io/assets/img/icons/bank.svg]
[nephos.cssninja.io/assets/img/icons/index72c9.html]
[nephos.cssninja.io/assets/img/icons/index5851.html]
[nephos.cssninja.io/assets/img/icons/indexad3f.html]
[nephos.cssninja.io/assets/img/icons/categories/indexf8a0.html]
[nephos.cssninja.io/assets/img/icons/categories/indexbfec.html]
[nephos.cssninja.io/assets/img/icons/categories/indexc052.html]
[nephos.cssninja.io/assets/img/icons/categories/index30b5.html]
[nephos.cssninja.io/assets/img/icons/categories/index.html]
[nephos.cssninja.io/assets/img/icons/checkout/index.html]
[nephos.cssninja.io/assets/img/icons/demo/index.html]
[nephos.cssninja.io/assets/img/icons/empty-cart.svg]
[nephos.cssninja.io/assets/img/icons/checkout/indexf8a0.html]
[nephos.cssninja.io/assets/img/icons/checkout/indexc052.html]
[nephos.cssninja.io/assets/img/icons/checkout/index30b5.html]
[nephos.cssninja.io/assets/img/icons/line/index.html]
[nephos.cssninja.io/assets/img/icons/checkout/indexbfec.html]
[nephos.cssninja.io/assets/img/icons/demo/indexc052.html]
[nephos.cssninja.io/assets/img/icons/demo/indexf8a0.html]
[nephos.cssninja.io/assets/img/icons/demo/indexbfec.html]
[nephos.cssninja.io/assets/img/icons/demo/index30b5.html]
[nephos.cssninja.io/assets/img/icons/money.svg]
[nephos.cssninja.io/assets/img/icons/line/indexc052.html]
[nephos.cssninja.io/assets/img/icons/line/indexf8a0.html]
[nephos.cssninja.io/assets/img/icons/demo/elements/index.html]
[nephos.cssninja.io/assets/img/icons/line/indexbfec.html]
[nephos.cssninja.io/assets/img/icons/new-cart.svg]
[nephos.cssninja.io/assets/img/icons/order.svg]
[nephos.cssninja.io/assets/img/illustrations/indexc052.html]
[nephos.cssninja.io/assets/img/illustrations/indexf8a0.html]
[nephos.cssninja.io/assets/img/illustrations/indexbfec.html]
[nephos.cssninja.io/assets/img/icons/line/index30b5.html]
[nephos.cssninja.io/assets/img/illustrations/index30b5.html]
[nephos.cssninja.io/assets/img/illustrations/indexb70a.html]
[nephos.cssninja.io/assets/img/illustrations/index5851.html]
[nephos.cssninja.io/assets/img/illustrations/add-files.svg]
[nephos.cssninja.io/assets/img/illustrations/couch.svg]
[nephos.cssninja.io/assets/img/illustrations/empty-cart.svg]
[nephos.cssninja.io/assets/img/illustrations/invoice.svg]
[nephos.cssninja.io/assets/img/illustrations/metrics.svg]
[nephos.cssninja.io/assets/img/illustrations/purchase.svg]
[nephos.cssninja.io/assets/img/illustrations/store.svg]
[nephos.cssninja.io/assets/img/illustrations/stripe.svg]
[nephos.cssninja.io/assets/img/logo/indexc052.html]
[nephos.cssninja.io/assets/img/logo/indexf8a0.html]
[nephos.cssninja.io/assets/img/illustrations/index72c9.html]
[nephos.cssninja.io/assets/img/logo/indexbfec.html]
[nephos.cssninja.io/assets/img/illustrations/indexad3f.html]
[nephos.cssninja.io/assets/img/logo/index30b5.html]
[nephos.cssninja.io/assets/img/logo/index72c9.html]
[nephos.cssninja.io/assets/img/logo/cssninja.svg]
[nephos.cssninja.io/assets/img/logo/nephos-green.svg]
[nephos.cssninja.io/assets/img/logo/nephos-purple.svg]
[nephos.cssninja.io/assets/img/logo/nephos-red.svg]
[nephos.cssninja.io/assets/img/logo/nephos-slate.svg]
[nephos.cssninja.io/assets/img/logo/nephos-yellow.svg]
[nephos.cssninja.io/assets/img/products/indexc052.html]
[nephos.cssninja.io/assets/img/logo/index5851.html]
[nephos.cssninja.io/assets/img/products/indexf8a0.html]
[nephos.cssninja.io/assets/img/logo/indexb70a.html]
[nephos.cssninja.io/assets/img/products/indexbfec.html]
[nephos.cssninja.io/assets/img/logo/indexad3f.html]
[nephos.cssninja.io/assets/img/products/index30b5.html]
[nephos.cssninja.io/assets/img/products/indexb70a.html]
[nephos.cssninja.io/assets/img/ui/indexc052.html]
[nephos.cssninja.io/assets/img/products/index72c9.html]
[nephos.cssninja.io/assets/img/ui/indexf8a0.html]
[nephos.cssninja.io/assets/img/products/index5851.html]
[nephos.cssninja.io/assets/img/ui/indexbfec.html]
[nephos.cssninja.io/assets/img/products/indexad3f.html]
[nephos.cssninja.io/assets/img/ui/index30b5.html]
[nephos.cssninja.io/assets/img/ui/indexb70a.html]
[nephos.cssninja.io/assets/img/ui/index5851.html]
[nephos.cssninja.io/assets/img/ui/index72c9.html]
[nephos.cssninja.io/assets/img/ui/indexad3f.html]
[nephos.cssninja.io/assets/img/ui/app/indexbfec.html]
[nephos.cssninja.io/assets/img/ui/app/indexc052.html]
[nephos.cssninja.io/assets/img/ui/app/index30b5.html]
[nephos.cssninja.io/assets/img/ui/app/helios-alt.png]
[nephos.cssninja.io/assets/img/ui/app/indexf8a0.html]
[nephos.cssninja.io/assets/img/ui/app/helios.png]
[nephos.cssninja.io/assets/img/ui/app/single-product.png]
[nephos.cssninja.io/assets/img/ui/app/index.html]
[nephos.cssninja.io/assets/js/indexb70a.html]
[nephos.cssninja.io/assets/js/index72c9.html]
[nephos.cssninja.io/assets/js/index5851.html]
[nephos.cssninja.io/assets/js/indexad3f.html]
[nephos.cssninja.io/assets/vendor/indexb70a.html]
[nephos.cssninja.io/assets/vendor/index72c9.html]
[nephos.cssninja.io/assets/vendor/index5851.html]
[nephos.cssninja.io/assets/vendor/indexad3f.html]
[nephos.cssninja.io/assets/vendor/css/indexc052.html]
[nephos.cssninja.io/assets/vendor/css/indexf8a0.html]
[nephos.cssninja.io/assets/vendor/css/indexb70a.html]
[nephos.cssninja.io/assets/vendor/css/indexbfec.html]
[nephos.cssninja.io/assets/vendor/css/index72c9.html]
[nephos.cssninja.io/assets/vendor/css/index30b5.html]
[nephos.cssninja.io/assets/vendor/css/chosen.css]
[nephos.cssninja.io/assets/vendor/css/datepicker.css]
[nephos.cssninja.io/assets/vendor/css/index5851.html]
[nephos.cssninja.io/assets/vendor/css/indexad3f.html]
[nephos.cssninja.io/assets/vendor/css/font-awesome5.css]
[nephos.cssninja.io/assets/vendor/js/indexc052.html]
[nephos.cssninja.io/assets/vendor/js/indexf8a0.html]
[nephos.cssninja.io/assets/vendor/js/indexbfec.html]
[nephos.cssninja.io/assets/vendor/js/index30b5.html]
[nephos.cssninja.io/assets/vendor/js/indexb70a.html]
[nephos.cssninja.io/assets/vendor/js/index72c9.html]
[nephos.cssninja.io/assets/img/avatars/indexb70a.html]
[nephos.cssninja.io/assets/img/avatars/index72c9.html]
[nephos.cssninja.io/assets/img/avatars/index5851.html]
[nephos.cssninja.io/assets/img/avatars/indexad3f.html]
[nephos.cssninja.io/assets/img/bg/indexb70a.html]
[nephos.cssninja.io/assets/img/bg/index72c9.html]
[nephos.cssninja.io/assets/img/bg/index5851.html]
[nephos.cssninja.io/assets/img/bg/indexad3f.html]
[nephos.cssninja.io/assets/img/brands/indexb70a.html]
[nephos.cssninja.io/assets/img/brands/index72c9.html]
[nephos.cssninja.io/assets/img/brands/index5851.html]
[nephos.cssninja.io/assets/img/brands/indexad3f.html]
[nephos.cssninja.io/assets/img/icons/indexb70a.html]
[nephos.cssninja.io/assets/img/icons/index72c9.html]
[nephos.cssninja.io/assets/img/icons/index5851.html]
[nephos.cssninja.io/assets/img/icons/indexad3f.html]
[nephos.cssninja.io/assets/img/icons/categories/indexc052.html]
[nephos.cssninja.io/assets/img/icons/categories/indexf8a0.html]
[nephos.cssninja.io/assets/vendor/js/indexad3f.html]
[nephos.cssninja.io/assets/img/icons/categories/indexbfec.html]
[nephos.cssninja.io/assets/vendor/js/index5851.html]
[nephos.cssninja.io/assets/img/icons/categories/index30b5.html]
[nephos.cssninja.io/assets/img/icons/categories/indexb70a.html]
[nephos.cssninja.io/assets/img/icons/categories/index72c9.html]
[nephos.cssninja.io/assets/img/icons/categories/accessories.svg]
[nephos.cssninja.io/assets/img/icons/categories/all.svg]
[nephos.cssninja.io/assets/img/icons/categories/home.svg]
[nephos.cssninja.io/assets/img/icons/categories/house.svg]
[nephos.cssninja.io/assets/img/icons/categories/kids.svg]
[nephos.cssninja.io/assets/img/icons/categories/kitchen.svg]
[nephos.cssninja.io/assets/img/icons/categories/office.svg]
[nephos.cssninja.io/assets/img/icons/categories/sofa.svg]
[nephos.cssninja.io/assets/img/icons/checkout/indexc052.html]
[nephos.cssninja.io/assets/img/icons/checkout/indexf8a0.html]
[nephos.cssninja.io/assets/img/icons/categories/index5851.html]
[nephos.cssninja.io/assets/img/icons/checkout/indexbfec.html]
[nephos.cssninja.io/assets/img/icons/categories/indexad3f.html]
[nephos.cssninja.io/assets/img/icons/checkout/index30b5.html]
[nephos.cssninja.io/assets/img/icons/checkout/indexb70a.html]
[nephos.cssninja.io/assets/img/icons/checkout/index72c9.html]
[nephos.cssninja.io/assets/img/icons/demo/indexc052.html]
[nephos.cssninja.io/assets/img/icons/demo/indexf8a0.html]
[nephos.cssninja.io/assets/img/icons/checkout/index5851.html]
[nephos.cssninja.io/assets/img/icons/demo/indexbfec.html]
[nephos.cssninja.io/assets/img/icons/checkout/indexad3f.html]
[nephos.cssninja.io/assets/img/icons/demo/index30b5.html]
[nephos.cssninja.io/assets/img/icons/demo/indexb70a.html]
[nephos.cssninja.io/assets/img/icons/demo/index72c9.html]
[nephos.cssninja.io/assets/img/icons/demo/index5851.html]
[nephos.cssninja.io/assets/img/icons/demo/indexad3f.html]
[nephos.cssninja.io/assets/img/icons/demo/elements/indexc052.html]
[nephos.cssninja.io/assets/img/icons/demo/elements/indexf8a0.html]
[nephos.cssninja.io/assets/img/icons/demo/elements/index.html]
[nephos.cssninja.io/assets/img/icons/line/indexc052.html]
[nephos.cssninja.io/assets/img/icons/line/indexf8a0.html]
[nephos.cssninja.io/assets/img/icons/demo/elements/index30b5.html]
[nephos.cssninja.io/assets/img/icons/line/indexbfec.html]
[nephos.cssninja.io/assets/img/icons/line/indexb70a.html]
[nephos.cssninja.io/assets/img/icons/line/index72c9.html]
[nephos.cssninja.io/assets/img/icons/line/index30b5.html]
[nephos.cssninja.io/assets/img/illustrations/indexb70a.html]
[nephos.cssninja.io/assets/img/illustrations/index72c9.html]
[nephos.cssninja.io/assets/img/illustrations/index5851.html]
[nephos.cssninja.io/assets/img/illustrations/indexad3f.html]
[nephos.cssninja.io/assets/img/logo/indexb70a.html]
[nephos.cssninja.io/assets/img/logo/index72c9.html]
[nephos.cssninja.io/assets/img/logo/index5851.html]
[nephos.cssninja.io/assets/img/logo/indexad3f.html]
[nephos.cssninja.io/assets/img/products/indexb70a.html]
[nephos.cssninja.io/assets/img/products/index72c9.html]
[nephos.cssninja.io/assets/img/products/index5851.html]
[nephos.cssninja.io/assets/img/products/indexad3f.html]
[nephos.cssninja.io/assets/img/ui/indexb70a.html]
[nephos.cssninja.io/assets/img/ui/index72c9.html]
[nephos.cssninja.io/assets/img/ui/index5851.html]
[nephos.cssninja.io/assets/img/ui/indexad3f.html]
[nephos.cssninja.io/assets/img/ui/app/indexc052.html]
[nephos.cssninja.io/assets/img/icons/demo/elements/indexbfec.html]
[nephos.cssninja.io/assets/img/ui/app/indexf8a0.html]
[nephos.cssninja.io/assets/img/icons/line/index5851.html]
[nephos.cssninja.io/assets/img/ui/app/indexbfec.html]
[nephos.cssninja.io/assets/img/icons/line/indexad3f.html]
[nephos.cssninja.io/assets/img/ui/app/index30b5.html]
[nephos.cssninja.io/assets/img/ui/app/indexb70a.html]
[nephos.cssninja.io/assets/vendor/css/indexb70a.html]
[nephos.cssninja.io/assets/vendor/css/index72c9.html]
[nephos.cssninja.io/assets/vendor/css/index5851.html]
[nephos.cssninja.io/assets/vendor/css/indexad3f.html]
[nephos.cssninja.io/assets/vendor/fonts/index.html]
[nephos.cssninja.io/assets/vendor/fonts/indexd41d.html]
[nephos.cssninja.io/assets/vendor/fonts/fa-brands-400.html]
[nephos.cssninja.io/assets/vendor/fonts/fa-brands-401.html]
[nephos.cssninja.io/assets/vendor/fonts/fa-brands-402.html]
[nephos.cssninja.io/assets/vendor/fonts/fa-brands-403.html]
[nephos.cssninja.io/assets/vendor/fonts/fa-regular-400.html]
[nephos.cssninja.io/assets/vendor/fonts/fa-regular-400d41d.html]
[nephos.cssninja.io/assets/vendor/fonts/fa-regular-401.html]
[nephos.cssninja.io/assets/vendor/fonts/fa-regular-402.html]
[nephos.cssninja.io/assets/vendor/fonts/fa-regular-403.html]
[nephos.cssninja.io/assets/vendor/fonts/fa-regular-404.html]
[nephos.cssninja.io/assets/vendor/fonts/fa-solid-900.html]
[nephos.cssninja.io/assets/vendor/fonts/fa-solid-900d41d.html]
[nephos.cssninja.io/assets/vendor/fonts/fa-solid-901.html]
[nephos.cssninja.io/assets/vendor/fonts/fa-solid-902.html]
[nephos.cssninja.io/assets/vendor/fonts/fa-solid-903.html]
[nephos.cssninja.io/assets/vendor/fonts/fa-solid-904.html]
[nephos.cssninja.io/assets/vendor/js/indexb70a.html]
[nephos.cssninja.io/assets/vendor/js/index72c9.html]
[nephos.cssninja.io/assets/vendor/js/index5851.html]
[nephos.cssninja.io/assets/vendor/js/indexad3f.html]
[nephos.cssninja.io/assets/img/icons/categories/indexb70a.html]
[nephos.cssninja.io/assets/img/icons/categories/index72c9.html]
[nephos.cssninja.io/assets/img/icons/categories/index5851.html]
[nephos.cssninja.io/assets/img/icons/categories/indexad3f.html]
[nephos.cssninja.io/assets/img/icons/checkout/indexb70a.html]
[nephos.cssninja.io/assets/img/icons/checkout/index72c9.html]
[nephos.cssninja.io/assets/img/icons/checkout/index5851.html]
[nephos.cssninja.io/assets/img/icons/checkout/indexad3f.html]
[nephos.cssninja.io/assets/img/icons/demo/indexb70a.html]
[nephos.cssninja.io/assets/img/icons/demo/index72c9.html]
[nephos.cssninja.io/assets/img/icons/demo/index5851.html]
[nephos.cssninja.io/assets/img/icons/demo/indexad3f.html]
[nephos.cssninja.io/assets/img/icons/demo/elements/indexc052.html]
[nephos.cssninja.io/assets/img/ui/app/index72c9.html]
[nephos.cssninja.io/assets/img/icons/demo/elements/indexf8a0.html]
[nephos.cssninja.io/assets/img/ui/app/index5851.html]
[nephos.cssninja.io/assets/img/icons/demo/elements/indexbfec.html]
[nephos.cssninja.io/assets/img/icons/demo/elements/indexb70a.html]
[nephos.cssninja.io/assets/img/icons/demo/elements/index30b5.html]
[nephos.cssninja.io/assets/img/ui/app/indexad3f.html]
[nephos.cssninja.io/assets/img/icons/demo/elements/ratings.svg]
[nephos.cssninja.io/assets/img/icons/line/indexb70a.html]
[nephos.cssninja.io/assets/img/icons/line/index72c9.html]
[nephos.cssninja.io/assets/img/icons/line/index5851.html]
[nephos.cssninja.io/assets/img/icons/line/indexad3f.html]
[nephos.cssninja.io/assets/img/ui/app/indexb70a.html]
[nephos.cssninja.io/assets/img/ui/app/index72c9.html]
[nephos.cssninja.io/assets/img/ui/app/index5851.html]
[nephos.cssninja.io/assets/img/ui/app/indexad3f.html]
[nephos.cssninja.io/assets/img/icons/demo/elements/indexb70a.html]
[nephos.cssninja.io/assets/img/icons/demo/elements/index72c9.html]
[nephos.cssninja.io/assets/img/icons/demo/elements/index72c9.html]
[nephos.cssninja.io/assets/img/icons/demo/elements/index5851.html]
[nephos.cssninja.io/assets/img/icons/demo/elements/index5851.html]
[nephos.cssninja.io/assets/img/icons/demo/elements/indexad3f.html]
[nephos.cssninja.io/assets/img/icons/demo/elements/indexad3f.html]
