[backblue.gif]
[fade.gif]
[index.html]
[www.themenate.net/enlink-bs/dist/assets/images/logo/favicon.png]
[www.themenate.net/enlink-bs/dist/assets/images/logo/logo.png]
[www.themenate.net/enlink-bs/dist/assets/images/logo/logo-fold.png]
[www.themenate.net/enlink-bs/dist/assets/images/logo/logo-white.png]
[www.themenate.net/enlink-bs/dist/assets/images/logo/logo-fold-white.png]
[www.themenate.net/enlink-bs/dist/assets/images/avatars/thumb-3.jpg]
[www.themenate.net/enlink-bs/dist/assets/images/others/thumb-9.jpg]
[www.themenate.net/enlink-bs/dist/assets/images/others/thumb-10.jpg]
[www.themenate.net/enlink-bs/dist/assets/images/others/thumb-11.jpg]
[www.themenate.net/enlink-bs/dist/assets/images/others/thumb-12.jpg]
[www.themenate.net/enlink-bs/dist/assets/images/others/thumb-13.jpg]
[www.themenate.net/enlink-bs/dist/assets/images/avatars/thumb-1.jpg]
[www.themenate.net/enlink-bs/dist/assets/images/avatars/thumb-2.jpg]
[www.themenate.net/enlink-bs/dist/assets/images/avatars/thumb-4.jpg]
[www.themenate.net/enlink-bs/dist/assets/images/avatars/thumb-5.jpg]
[www.themenate.net/enlink-bs/dist/assets/images/avatars/thumb-6.jpg]
[www.themenate.net/enlink-bs/dist/assets/images/others/img-1.jpg]
[www.themenate.net/enlink-bs/dist/assets/js/vendors.min.js]
[www.themenate.net/enlink-bs/dist/assets/vendors/chartjs/Chart.min.js]
[www.themenate.net/enlink-bs/dist/assets/js/pages/dashboard-e-commerce.js]
[www.themenate.net/enlink-bs/dist/assets/js/app.min.js]
[www.themenate.net/enlink-bs/dist/index-e-commerce.html]
[www.themenate.net/enlink-bs/dist/assets/vendors/bootstrap-datepicker/bootstrap-datepicker.min.css]
[www.themenate.net/enlink-bs/dist/assets/fonts/anticon.eot]
[www.themenate.net/enlink-bs/dist/assets/fonts/anticon.woff]
[www.themenate.net/enlink-bs/dist/assets/fonts/anticond41d.eot]
[www.themenate.net/enlink-bs/dist/assets/fonts/anticon.ttf]
[www.themenate.net/enlink-bs/dist/assets/fonts/fa-brands-400.eot]
[www.themenate.net/enlink-bs/dist/assets/fonts/fa-brands-400.woff2]
[www.themenate.net/enlink-bs/dist/assets/fonts/fa-brands-400d41d.eot]
[www.themenate.net/enlink-bs/dist/assets/fonts/fa-brands-400.woff]
[www.themenate.net/enlink-bs/dist/assets/fonts/fa-brands-400.ttf]
[www.themenate.net/enlink-bs/dist/assets/fonts/fa-regular-400.eot]
[www.themenate.net/enlink-bs/dist/assets/fonts/fa-regular-400.woff2]
[www.themenate.net/enlink-bs/dist/assets/fonts/fa-regular-400d41d.eot]
[www.themenate.net/enlink-bs/dist/assets/fonts/fa-regular-400.woff]
[www.themenate.net/enlink-bs/dist/assets/fonts/fa-regular-400.ttf]
[www.themenate.net/enlink-bs/dist/assets/fonts/fa-solid-900.eot]
[www.themenate.net/enlink-bs/dist/assets/fonts/fa-solid-900.woff2]
[www.themenate.net/enlink-bs/dist/assets/fonts/fa-solid-900d41d.eot]
[www.themenate.net/enlink-bs/dist/assets/fonts/fa-solid-900.woff]
[www.themenate.net/enlink-bs/dist/assets/fonts/fa-solid-900.ttf]
[www.themenate.net/enlink-bs/dist/assets/css/app.min.css]
[www.themenate.net/enlink-bs/dist/assets/js/pages/dashboard-default.js]
[www.themenate.net/enlink-bs/dist/index.html]
[www.themenate.net/enlink-bs/dist/assets/js/pages/dashboard-crm.js]
[www.themenate.net/enlink-bs/dist/index-crm.html]
[www.themenate.net/enlink-bs/dist/assets/images/avatars/thumb-7.jpg]
[www.themenate.net/enlink-bs/dist/assets/images/others/thumb-1.jpg]
[www.themenate.net/enlink-bs/dist/assets/images/others/thumb-2.jpg]
[www.themenate.net/enlink-bs/dist/assets/images/others/thumb-3.jpg]
[www.themenate.net/enlink-bs/dist/assets/images/others/thumb-5.jpg]
[www.themenate.net/enlink-bs/dist/assets/images/others/thumb-6.jpg]
[www.themenate.net/enlink-bs/dist/assets/vendors/bootstrap-datepicker/bootstrap-datepicker.min.js]
[www.themenate.net/enlink-bs/dist/assets/js/pages/dashboard-project.js]
[www.themenate.net/enlink-bs/dist/index-projects.html]
[s3.envato.com/files/249796117/preview.__large_preview.png]
[www.themenate.net/enlink-bs/dist/assets/js/pages/chat.js]
[www.themenate.net/enlink-bs/dist/app-chat.html]
[www.themenate.net/enlink-bs/dist/assets/images/others/file-manager.png]
[www.themenate.net/enlink-bs/dist/assets/js/pages/file-manager.js]
[www.themenate.net/enlink-bs/dist/app-file-manager.html]
[www.themenate.net/enlink-bs/dist/assets/images/avatars/thumb-8.jpg]
[www.themenate.net/enlink-bs/dist/assets/images/avatars/thumb-9.jpg]
[www.themenate.net/enlink-bs/dist/assets/images/avatars/thumb-10.jpg]
[www.themenate.net/enlink-bs/dist/assets/images/avatars/thumb-11.jpg]
[www.themenate.net/enlink-bs/dist/assets/vendors/quill/quill.min.js]
[www.themenate.net/enlink-bs/dist/assets/js/pages/mail.js]
[www.themenate.net/enlink-bs/dist/app-mail.html]
[www.themenate.net/enlink-bs/dist/assets/images/others/thumb-4.jpg]
[www.themenate.net/enlink-bs/dist/assets/images/others/thumb-7.jpg]
[www.themenate.net/enlink-bs/dist/assets/images/others/thumb-8.jpg]
[www.themenate.net/enlink-bs/dist/assets/js/pages/project-list.js]
[www.themenate.net/enlink-bs/dist/app-project-list.html]
[www.themenate.net/enlink-bs/dist/app-project-details.html]
[www.themenate.net/enlink-bs/dist/assets/vendors/datatables/jquery.dataTables.min.js]
[www.themenate.net/enlink-bs/dist/assets/vendors/datatables/dataTables.bootstrap.min.js]
[www.themenate.net/enlink-bs/dist/assets/js/pages/e-commerce-order-list.js]
[www.themenate.net/enlink-bs/dist/app-e-commerce-order-list.html]
[www.themenate.net/enlink-bs/dist/assets/images/others/thumb-16.jpg]
[www.themenate.net/enlink-bs/dist/assets/images/others/product-1.jpg]
[www.themenate.net/enlink-bs/dist/assets/images/others/product-2.jpg]
[www.themenate.net/enlink-bs/dist/assets/images/others/product-3.jpg]
[www.themenate.net/enlink-bs/dist/app-e-commerce-products.html]
[www.themenate.net/enlink-bs/dist/assets/images/others/thumb-14.jpg]
[www.themenate.net/enlink-bs/dist/assets/images/others/thumb-15.jpg]
[www.themenate.net/enlink-bs/dist/app-e-commerce-products-list.html]
[www.themenate.net/enlink-bs/dist/assets/vendors/select2/select2.min.js]
[www.themenate.net/enlink-bs/dist/assets/js/pages/e-commerce-product-edit.js]
[www.themenate.net/enlink-bs/dist/app-e-commerce-products-edit.html]
[www.themenate.net/enlink-bs/dist/avatar.html]
[www.themenate.net/enlink-bs/dist/alert.html]
[www.themenate.net/enlink-bs/dist/badge.html]
[www.themenate.net/enlink-bs/dist/buttons.html]
[www.themenate.net/enlink-bs/dist/assets/images/others/img-5.jpg]
[www.themenate.net/enlink-bs/dist/assets/images/others/img-4.jpg]
[www.themenate.net/enlink-bs/dist/assets/images/others/img-2.jpg]
[www.themenate.net/enlink-bs/dist/assets/images/others/img-11.jpg]
[www.themenate.net/enlink-bs/dist/assets/images/others/img-6.jpg]
[www.themenate.net/enlink-bs/dist/cards.html]
[www.themenate.net/enlink-bs/dist/assets/js/pages/icon.js]
[www.themenate.net/enlink-bs/dist/icons.html]
[www.themenate.net/enlink-bs/dist/lists.html]
[www.themenate.net/enlink-bs/dist/typography.html]
[www.themenate.net/enlink-bs/dist/accordion.html]
[www.themenate.net/enlink-bs/dist/assets/images/others/img-12.jpg]
[www.themenate.net/enlink-bs/dist/assets/images/others/img-14.jpg]
[www.themenate.net/enlink-bs/dist/assets/images/others/img-13.jpg]
[www.themenate.net/enlink-bs/dist/carousel.html]
[www.themenate.net/enlink-bs/dist/dropdown.html]
[www.themenate.net/enlink-bs/dist/modals.html]
[www.themenate.net/enlink-bs/dist/toasts.html]
[www.themenate.net/enlink-bs/dist/assets/vendors/nouislider/nouislider.min.js]
[www.themenate.net/enlink-bs/dist/assets/js/pages/slider.js]
[www.themenate.net/enlink-bs/dist/slider-progress.html]
[www.themenate.net/enlink-bs/dist/tabs.html]
[www.themenate.net/enlink-bs/dist/tooltips.html]
[www.themenate.net/enlink-bs/dist/assets/js/pages/form-elements.js]
[www.themenate.net/enlink-bs/dist/form-elements.html]
[www.themenate.net/enlink-bs/dist/form-layouts.html]
[www.themenate.net/enlink-bs/dist/assets/vendors/jquery-validation/jquery.validate.min.js]
[www.themenate.net/enlink-bs/dist/assets/js/pages/form-validation.js]
[www.themenate.net/enlink-bs/dist/form-validation.html]
[www.themenate.net/enlink-bs/dist/basic-table.html]
[www.themenate.net/enlink-bs/dist/assets/js/pages/datatables.js]
[www.themenate.net/enlink-bs/dist/data-table.html]
[www.themenate.net/enlink-bs/dist/assets/vendors/chartist/chartist.min.js]
[www.themenate.net/enlink-bs/dist/assets/js/pages/chartist.js]
[www.themenate.net/enlink-bs/dist/chartist.html]
[www.themenate.net/enlink-bs/dist/assets/js/pages/chartjs.js]
[www.themenate.net/enlink-bs/dist/chartjs.html]
[www.themenate.net/enlink-bs/dist/assets/images/others/adobe-thumb.png]
[www.themenate.net/enlink-bs/dist/assets/images/others/amazon-thumb.png]
[www.themenate.net/enlink-bs/dist/assets/images/others/nvidia-thumb.png]
[www.themenate.net/enlink-bs/dist/assets/images/others/cambridge-thumb.png]
[www.themenate.net/enlink-bs/dist/assets/images/others/phillips-academy-thumb.png]
[www.themenate.net/enlink-bs/dist/assets/images/others/coffee-app-thumb.jpg]
[www.themenate.net/enlink-bs/dist/assets/images/others/weather-app-thumb.jpg]
[www.themenate.net/enlink-bs/dist/assets/images/others/music-app-thumb.jpg]
[www.themenate.net/enlink-bs/dist/profile.html]
[www.themenate.net/enlink-bs/dist/invoice.html]
[www.themenate.net/enlink-bs/dist/assets/js/pages/profile.js]
[www.themenate.net/enlink-bs/dist/members.html]
[www.themenate.net/enlink-bs/dist/pricing.html]
[www.themenate.net/enlink-bs/dist/setting.html]
[www.themenate.net/enlink-bs/dist/assets/images/others/img-3.jpg]
[www.themenate.net/enlink-bs/dist/assets/images/others/img-7.jpg]
[www.themenate.net/enlink-bs/dist/blog-grid.html]
[www.themenate.net/enlink-bs/dist/blog-list.html]
[www.themenate.net/enlink-bs/dist/assets/images/others/img-8.jpg]
[www.themenate.net/enlink-bs/dist/blog-post.html]
[www.themenate.net/enlink-bs/dist/assets/images/others/login-1.jpg]
[www.themenate.net/enlink-bs/dist/login-1.html]
[www.themenate.net/enlink-bs/dist/assets/images/others/login-2.png]
[www.themenate.net/enlink-bs/dist/login-2.html]
[www.themenate.net/enlink-bs/dist/assets/images/others/login-3.png]
[www.themenate.net/enlink-bs/dist/login-3.html]
[www.themenate.net/enlink-bs/dist/assets/images/others/sign-up-1.jpg]
[www.themenate.net/enlink-bs/dist/sign-up-1.html]
[www.themenate.net/enlink-bs/dist/assets/images/others/sign-up-2.png]
[www.themenate.net/enlink-bs/dist/sign-up-2.html]
[www.themenate.net/enlink-bs/dist/sign-up-3.html]
[www.themenate.net/enlink-bs/dist/assets/images/others/error-1.png]
[www.themenate.net/enlink-bs/dist/error-1.html]
[www.themenate.net/enlink-bs/dist/assets/images/others/error-2.png]
[www.themenate.net/enlink-bs/dist/error-2.html]
[www.themenate.net/enlink-bs/dist/assets/fonts/anticon.svg]
[www.themenate.net/enlink-bs/dist/assets/fonts/fa-brands-400.svg]
[www.themenate.net/enlink-bs/dist/assets/fonts/fa-regular-400.svg]
[www.themenate.net/enlink-bs/dist/assets/fonts/fa-solid-900.svg]
[www.themenate.net/enlink-bs/dist/assets/vendors/datatables/dataTables.bootstrap.min.css]
[www.themenate.net/enlink-bs/dist/assets/vendors/select2/select2.png]
[www.themenate.net/enlink-bs/dist/assets/vendors/select2/select2-spinner.gif]
[www.themenate.net/enlink-bs/dist/assets/vendors/select2/select2x2.png]
[www.themenate.net/enlink-bs/dist/assets/vendors/select2/select2.css]
[www.themenate.net/enlink-bs/dist/popover.html]
[www.themenate.net/enlink-bs/dist/assets/vendors/nouislider/nouislider.min.css]
[www.themenate.net/enlink-bs/dist/assets/js/pages/pricing.js]
